../Core/Src/main.c:70:5:main	8	static
../Core/Src/main.c:125:6:SystemClock_Config	4	static
../Core/Src/main.c:131:13:MX_FMC_Init	48	static
../Core/Src/main.c:167:13:MX_GPIO_Init	16	static
../Core/Src/main.c:174:6:NAND_SendCommand	16	static
../Core/Src/main.c:179:6:NAND_SendAddress	16	static
../Core/Src/main.c:184:6:NAND_WriteData	24	static
../Core/Src/main.c:192:6:NAND_ReadData	24	static
../Core/Src/main.c:200:6:NAND_WritePage	16	static
../Core/Src/main.c:211:6:NAND_ReadPage	16	static
../Core/Src/main.c:225:6:Error_Handler	4	static
