Archive member included to satisfy reference by file (symbol)

C:/ST/STM32CubeIDE_1.16.1/STM32CubeIDE/plugins/com.st.stm32cube.ide.mcu.externaltools.gnu-tools-for-stm32.12.3.rel1.win32_1.0.200.202406191623/tools/bin/../lib/gcc/arm-none-eabi/12.3.1/../../../../arm-none-eabi/lib/thumb/v7e-m+fp/hard\libc_nano.a(libc_a-exit.o)
                              C:/ST/STM32CubeIDE_1.16.1/STM32CubeIDE/plugins/com.st.stm32cube.ide.mcu.externaltools.gnu-tools-for-stm32.12.3.rel1.win32_1.0.200.202406191623/tools/bin/../lib/gcc/arm-none-eabi/12.3.1/../../../../arm-none-eabi/lib/thumb/v7e-m+fp/hard/crt0.o (exit)
C:/ST/STM32CubeIDE_1.16.1/STM32CubeIDE/plugins/com.st.stm32cube.ide.mcu.externaltools.gnu-tools-for-stm32.12.3.rel1.win32_1.0.200.202406191623/tools/bin/../lib/gcc/arm-none-eabi/12.3.1/../../../../arm-none-eabi/lib/thumb/v7e-m+fp/hard\libc_nano.a(libc_a-findfp.o)
                              C:/ST/STM32CubeIDE_1.16.1/STM32CubeIDE/plugins/com.st.stm32cube.ide.mcu.externaltools.gnu-tools-for-stm32.12.3.rel1.win32_1.0.200.202406191623/tools/bin/../lib/gcc/arm-none-eabi/12.3.1/../../../../arm-none-eabi/lib/thumb/v7e-m+fp/hard\libc_nano.a(libc_a-exit.o) (__stdio_exit_handler)
C:/ST/STM32CubeIDE_1.16.1/STM32CubeIDE/plugins/com.st.stm32cube.ide.mcu.externaltools.gnu-tools-for-stm32.12.3.rel1.win32_1.0.200.202406191623/tools/bin/../lib/gcc/arm-none-eabi/12.3.1/../../../../arm-none-eabi/lib/thumb/v7e-m+fp/hard\libc_nano.a(libc_a-fwalk.o)
                              C:/ST/STM32CubeIDE_1.16.1/STM32CubeIDE/plugins/com.st.stm32cube.ide.mcu.externaltools.gnu-tools-for-stm32.12.3.rel1.win32_1.0.200.202406191623/tools/bin/../lib/gcc/arm-none-eabi/12.3.1/../../../../arm-none-eabi/lib/thumb/v7e-m+fp/hard\libc_nano.a(libc_a-findfp.o) (_fwalk_sglue)
C:/ST/STM32CubeIDE_1.16.1/STM32CubeIDE/plugins/com.st.stm32cube.ide.mcu.externaltools.gnu-tools-for-stm32.12.3.rel1.win32_1.0.200.202406191623/tools/bin/../lib/gcc/arm-none-eabi/12.3.1/../../../../arm-none-eabi/lib/thumb/v7e-m+fp/hard\libc_nano.a(libc_a-stdio.o)
                              C:/ST/STM32CubeIDE_1.16.1/STM32CubeIDE/plugins/com.st.stm32cube.ide.mcu.externaltools.gnu-tools-for-stm32.12.3.rel1.win32_1.0.200.202406191623/tools/bin/../lib/gcc/arm-none-eabi/12.3.1/../../../../arm-none-eabi/lib/thumb/v7e-m+fp/hard\libc_nano.a(libc_a-findfp.o) (__sread)
C:/ST/STM32CubeIDE_1.16.1/STM32CubeIDE/plugins/com.st.stm32cube.ide.mcu.externaltools.gnu-tools-for-stm32.12.3.rel1.win32_1.0.200.202406191623/tools/bin/../lib/gcc/arm-none-eabi/12.3.1/../../../../arm-none-eabi/lib/thumb/v7e-m+fp/hard\libc_nano.a(libc_a-memcmp.o)
                              ./Core/Src/main.o (memcmp)
C:/ST/STM32CubeIDE_1.16.1/STM32CubeIDE/plugins/com.st.stm32cube.ide.mcu.externaltools.gnu-tools-for-stm32.12.3.rel1.win32_1.0.200.202406191623/tools/bin/../lib/gcc/arm-none-eabi/12.3.1/../../../../arm-none-eabi/lib/thumb/v7e-m+fp/hard\libc_nano.a(libc_a-memset.o)
                              C:/ST/STM32CubeIDE_1.16.1/STM32CubeIDE/plugins/com.st.stm32cube.ide.mcu.externaltools.gnu-tools-for-stm32.12.3.rel1.win32_1.0.200.202406191623/tools/bin/../lib/gcc/arm-none-eabi/12.3.1/../../../../arm-none-eabi/lib/thumb/v7e-m+fp/hard/crt0.o (memset)
C:/ST/STM32CubeIDE_1.16.1/STM32CubeIDE/plugins/com.st.stm32cube.ide.mcu.externaltools.gnu-tools-for-stm32.12.3.rel1.win32_1.0.200.202406191623/tools/bin/../lib/gcc/arm-none-eabi/12.3.1/../../../../arm-none-eabi/lib/thumb/v7e-m+fp/hard\libc_nano.a(libc_a-closer.o)
                              C:/ST/STM32CubeIDE_1.16.1/STM32CubeIDE/plugins/com.st.stm32cube.ide.mcu.externaltools.gnu-tools-for-stm32.12.3.rel1.win32_1.0.200.202406191623/tools/bin/../lib/gcc/arm-none-eabi/12.3.1/../../../../arm-none-eabi/lib/thumb/v7e-m+fp/hard\libc_nano.a(libc_a-stdio.o) (_close_r)
C:/ST/STM32CubeIDE_1.16.1/STM32CubeIDE/plugins/com.st.stm32cube.ide.mcu.externaltools.gnu-tools-for-stm32.12.3.rel1.win32_1.0.200.202406191623/tools/bin/../lib/gcc/arm-none-eabi/12.3.1/../../../../arm-none-eabi/lib/thumb/v7e-m+fp/hard\libc_nano.a(libc_a-reent.o)
                              C:/ST/STM32CubeIDE_1.16.1/STM32CubeIDE/plugins/com.st.stm32cube.ide.mcu.externaltools.gnu-tools-for-stm32.12.3.rel1.win32_1.0.200.202406191623/tools/bin/../lib/gcc/arm-none-eabi/12.3.1/../../../../arm-none-eabi/lib/thumb/v7e-m+fp/hard\libc_nano.a(libc_a-closer.o) (errno)
C:/ST/STM32CubeIDE_1.16.1/STM32CubeIDE/plugins/com.st.stm32cube.ide.mcu.externaltools.gnu-tools-for-stm32.12.3.rel1.win32_1.0.200.202406191623/tools/bin/../lib/gcc/arm-none-eabi/12.3.1/../../../../arm-none-eabi/lib/thumb/v7e-m+fp/hard\libc_nano.a(libc_a-impure.o)
                              C:/ST/STM32CubeIDE_1.16.1/STM32CubeIDE/plugins/com.st.stm32cube.ide.mcu.externaltools.gnu-tools-for-stm32.12.3.rel1.win32_1.0.200.202406191623/tools/bin/../lib/gcc/arm-none-eabi/12.3.1/../../../../arm-none-eabi/lib/thumb/v7e-m+fp/hard\libc_nano.a(libc_a-reent.o) (_impure_ptr)
[...]
Memory Configuration

Name             Origin             Length             Attributes
RAM              0x20000000         0x000a0000         xrw
RAM2             0x10000000         0x00010000         xrw
RAM3             0x20040000         0x00060000         xrw
FLASH            0x08000000         0x00200000         xr
*default*        0x00000000         0xffffffff

Linker script and memory map

LOAD C:/ST/STM32CubeIDE_1.16.1/STM32CubeIDE/plugins/com.st.stm32cube.ide.mcu.externaltools.gnu-tools-for-stm32.12.3.rel1.win32_1.0.200.202406191623/tools/bin/../lib/gcc/arm-none-eabi/12.3.1/thumb/v7e-m+fp/hard/crti.o
LOAD C:/ST/STM32CubeIDE_1.16.1/STM32CubeIDE/plugins/com.st.stm32cube.ide.mcu.externaltools.gnu-tools-for-stm32.12.3.rel1.win32_1.0.200.202406191623/tools/bin/../lib/gcc/arm-none-eabi/12.3.1/thumb/v7e-m+fp/hard/crtbegin.o
LOAD C:/ST/STM32CubeIDE_1.16.1/STM32CubeIDE/plugins/com.st.stm32cube.ide.mcu.externaltools.gnu-tools-for-stm32.12.3.rel1.win32_1.0.200.202406191623/tools/bin/../lib/gcc/arm-none-eabi/12.3.1/../../../../arm-none-eabi/lib/thumb/v7e-m+fp/hard/crt0.o
LOAD ./Core/Src/main.o
LOAD ./Core/Src/stm32l4xx_hal_msp.o
LOAD ./Core/Src/stm32l4xx_it.o
LOAD ./Core/Src/syscalls.o
LOAD ./Core/Src/sysmem.o
LOAD ./Core/Src/system_stm32l4xx.o
LOAD ./Core/Startup/startup_stm32l4s5vitx.o
LOAD ./Drivers/STM32L4xx_HAL_Driver/Src/stm32l4xx_hal.o
LOAD ./Drivers/STM32L4xx_HAL_Driver/Src/stm32l4xx_hal_cortex.o
LOAD ./Drivers/STM32L4xx_HAL_Driver/Src/stm32l4xx_hal_dma.o
LOAD ./Drivers/STM32L4xx_HAL_Driver/Src/stm32l4xx_hal_dma_ex.o
LOAD ./Drivers/STM32L4xx_HAL_Driver/Src/stm32l4xx_hal_exti.o
LOAD ./Drivers/STM32L4xx_HAL_Driver/Src/stm32l4xx_hal_flash.o
LOAD ./Drivers/STM32L4xx_HAL_Driver/Src/stm32l4xx_hal_flash_ex.o
LOAD ./Drivers/STM32L4xx_HAL_Driver/Src/stm32l4xx_hal_flash_ramfunc.o
LOAD ./Drivers/STM32L4xx_HAL_Driver/Src/stm32l4xx_hal_gpio.o
LOAD ./Drivers/STM32L4xx_HAL_Driver/Src/stm32l4xx_hal_i2c.o
LOAD ./Drivers/STM32L4xx_HAL_Driver/Src/stm32l4xx_hal_i2c_ex.o
LOAD ./Drivers/STM32L4xx_HAL_Driver/Src/stm32l4xx_hal_nand.o
LOAD ./Drivers/STM32L4xx_HAL_Driver/Src/stm32l4xx_hal_pwr.o
LOAD ./Drivers/STM32L4xx_HAL_Driver/Src/stm32l4xx_hal_pwr_ex.o
LOAD ./Drivers/STM32L4xx_HAL_Driver/Src/stm32l4xx_hal_rcc.o
LOAD ./Drivers/STM32L4xx_HAL_Driver/Src/stm32l4xx_hal_rcc_ex.o
LOAD ./Drivers/STM32L4xx_HAL_Driver/Src/stm32l4xx_hal_tim.o
LOAD ./Drivers/STM32L4xx_HAL_Driver/Src/stm32l4xx_hal_tim_ex.o
LOAD ./Drivers/STM32L4xx_HAL_Driver/Src/stm32l4xx_ll_fmc.o
START GROUP
LOAD C:/ST/STM32CubeIDE_1.16.1/STM32CubeIDE/plugins/com.st.stm32cube.ide.mcu.externaltools.gnu-tools-for-stm32.12.3.rel1.win32_1.0.200.202406191623/tools/bin/../lib/gcc/arm-none-eabi/12.3.1/../../../../arm-none-eabi/lib/thumb/v7e-m+fp/hard\libc_nano.a
LOAD C:/ST/STM32CubeIDE_1.16.1/STM32CubeIDE/plugins/com.st.stm32cube.ide.mcu.externaltools.gnu-tools-for-stm32.12.3.rel1.win32_1.0.200.202406191623/tools/bin/../lib/gcc/arm-none-eabi/12.3.1/../../../../arm-none-eabi/lib/thumb/v7e-m+fp/hard\libm.a
END GROUP
START GROUP
LOAD C:/ST/STM32CubeIDE_1.16.1/STM32CubeIDE/plugins/com.st.stm32cube.ide.mcu.externaltools.gnu-tools-for-stm32.12.3.rel1.win32_1.0.200.202406191623/tools/bin/../lib/gcc/arm-none-eabi/12.3.1/thumb/v7e-m+fp/hard\libgcc.a
LOAD C:/ST/STM32CubeIDE_1.16.1/STM32CubeIDE/plugins/com.st.stm32cube.ide.mcu.externaltools.gnu-tools-for-stm32.12.3.rel1.win32_1.0.200.202406191623/tools/bin/../lib/gcc/arm-none-eabi/12.3.1/../../../../arm-none-eabi/lib/thumb/v7e-m+fp/hard\libc_nano.a
END GROUP
START GROUP
LOAD C:/ST/STM32CubeIDE_1.16.1/STM32CubeIDE/plugins/com.st.stm32cube.ide.mcu.externaltools.gnu-tools-for-stm32.12.3.rel1.win32_1.0.200.202406191623/tools/bin/../lib/gcc/arm-none-eabi/12.3.1/thumb/v7e-m+fp/hard\libgcc.a
LOAD C:/ST/STM32CubeIDE_1.16.1/STM32CubeIDE/plugins/com.st.stm32cube.ide.mcu.externaltools.gnu-tools-for-stm32.12.3.rel1.win32_1.0.200.202406191623/tools/bin/../lib/gcc/arm-none-eabi/12.3.1/../../../../arm-none-eabi/lib/thumb/v7e-m+fp/hard\libc_nano.a
LOAD C:/ST/STM32CubeIDE_1.16.1/STM32CubeIDE/plugins/com.st.stm32cube.ide.mcu.externaltools.gnu-tools-for-stm32.12.3.rel1.win32_1.0.200.202406191623/tools/bin/../lib/gcc/arm-none-eabi/12.3.1/../../../../arm-none-eabi/lib/thumb/v7e-m+fp/hard\libnosys.a
END GROUP
START GROUP
LOAD C:/ST/STM32CubeIDE_1.16.1/STM32CubeIDE/plugins/com.st.stm32cube.ide.mcu.externaltools.gnu-tools-for-stm32.12.3.rel1.win32_1.0.200.202406191623/tools/bin/../lib/gcc/arm-none-eabi/12.3.1/thumb/v7e-m+fp/hard\libgcc.a
LOAD C:/ST/STM32CubeIDE_1.16.1/STM32CubeIDE/plugins/com.st.stm32cube.ide.mcu.externaltools.gnu-tools-for-stm32.12.3.rel1.win32_1.0.200.202406191623/tools/bin/../lib/gcc/arm-none-eabi/12.3.1/../../../../arm-none-eabi/lib/thumb/v7e-m+fp/hard\libc_nano.a
LOAD C:/ST/STM32CubeIDE_1.16.1/STM32CubeIDE/plugins/com.st.stm32cube.ide.mcu.externaltools.gnu-tools-for-stm32.12.3.rel1.win32_1.0.200.202406191623/tools/bin/../lib/gcc/arm-none-eabi/12.3.1/../../../../arm-none-eabi/lib/thumb/v7e-m+fp/hard\libnosys.a
END GROUP
LOAD C:/ST/STM32CubeIDE_1.16.1/STM32CubeIDE/plugins/com.st.stm32cube.ide.mcu.externaltools.gnu-tools-for-stm32.12.3.rel1.win32_1.0.200.202406191623/tools/bin/../lib/gcc/arm-none-eabi/12.3.1/thumb/v7e-m+fp/hard/crtend.o
LOAD C:/ST/STM32CubeIDE_1.16.1/STM32CubeIDE/plugins/com.st.stm32cube.ide.mcu.externaltools.gnu-tools-for-stm32.12.3.rel1.win32_1.0.200.202406191623/tools/bin/../lib/gcc/arm-none-eabi/12.3.1/thumb/v7e-m+fp/hard/crtn.o
                0x200a0000                        _estack = (ORIGIN (RAM) + LENGTH (RAM))
                0x00000200                        _Min_Heap_Size = 0x200
                0x00000400                        _Min_Stack_Size = 0x400

.isr_vector     0x08000000      0x1bc
                0x08000000                        . = ALIGN (0x4)
 *(.isr_vector)
 .isr_vector    0x08000000      0x1bc ./Core/Startup/startup_stm32l4s5vitx.o
                0x08000000                g_pfnVectors
                0x080001bc                        . = ALIGN (0x4)

.text           0x080001bc      0xcfc
                0x080001bc                        . = ALIGN (0x4)
 *(.text)
 .text          0x080001bc       0x40 C:/ST/STM32CubeIDE_1.16.1/STM32CubeIDE/plugins/com.st.stm32cube.ide.mcu.externaltools.gnu-tools-for-stm32.12.3.rel1.win32_1.0.200.202406191623/tools/bin/../lib/gcc/arm-none-eabi/12.3.1/thumb/v7e-m+fp/hard/crtbegin.o
 *(.text*)
 .text.main     0x080001fc       0x54 ./Core/Src/main.o
                0x080001fc                main
 .text.SystemClock_Config
                0x08000250        0xe ./Core/Src/main.o
                0x08000250                SystemClock_Config
 *fill*         0x0800025e        0x2 
 .text.MX_FMC_Init
                0x08000260       0xcc ./Core/Src/main.o
 .text.MX_GPIO_Init
                0x0800032c       0x48 ./Core/Src/main.o
 .text.NAND_SendCommand
                0x08000374       0x1e ./Core/Src/main.o
                0x08000374                NAND_SendCommand
 *fill*         0x08000392        0x2 
 .text.NAND_SendAddress
                0x08000394       0x20 ./Core/Src/main.o
                0x08000394                NAND_SendAddress
 .text.NAND_WriteData
                0x080003b4       0x3c ./Core/Src/main.o
                0x080003b4                NAND_WriteData
 .text.NAND_ReadData
                0x080003f0       0x40 ./Core/Src/main.o
                0x080003f0                NAND_ReadData
 .text.NAND_WritePage
                0x08000430       0x50 ./Core/Src/main.o
                0x08000430                NAND_WritePage
 .text.NAND_ReadPage
                0x08000480       0x50 ./Core/Src/main.o
                0x08000480                NAND_ReadPage
 .text.Error_Handler
                0x080004d0        0x8 ./Core/Src/main.o
                0x080004d0                Error_Handler
 .text.HAL_MspInit
                0x080004d8       0x48 ./Core/Src/stm32l4xx_hal_msp.o
                0x080004d8                HAL_MspInit
 .text.HAL_FMC_MspInit
                0x08000520       0xb0 ./Core/Src/stm32l4xx_hal_msp.o
 .text.HAL_NAND_MspInit
                0x080005d0       0x14 ./Core/Src/stm32l4xx_hal_msp.o
                0x080005d0                HAL_NAND_MspInit
 .text.NMI_Handler
                0x080005e4        0x8 ./Core/Src/stm32l4xx_it.o
                0x080005e4                NMI_Handler
 .text.HardFault_Handler
                0x080005ec        0x8 ./Core/Src/stm32l4xx_it.o
                0x080005ec                HardFault_Handler
 .text.MemManage_Handler
                0x080005f4        0x8 ./Core/Src/stm32l4xx_it.o
                0x080005f4                MemManage_Handler
 .text.BusFault_Handler
                0x080005fc        0x8 ./Core/Src/stm32l4xx_it.o
                0x080005fc                BusFault_Handler
 .text.UsageFault_Handler
                0x08000604        0x8 ./Core/Src/stm32l4xx_it.o
                0x08000604                UsageFault_Handler
 .text.SVC_Handler
                0x0800060c        0xe ./Core/Src/stm32l4xx_it.o
                0x0800060c                SVC_Handler
 .text.DebugMon_Handler
                0x0800061a        0xe ./Core/Src/stm32l4xx_it.o
                0x0800061a                DebugMon_Handler
 .text.PendSV_Handler
                0x08000628        0xe ./Core/Src/stm32l4xx_it.o
                0x08000628                PendSV_Handler
 .text.SysTick_Handler
                0x08000636        0xc ./Core/Src/stm32l4xx_it.o
                0x08000636                SysTick_Handler
 *fill*         0x08000642        0x2 
 .text.SystemInit
                0x08000644       0x24 ./Core/Src/system_stm32l4xx.o
                0x08000644                SystemInit
 .text.Reset_Handler
                0x08000668       0x50 ./Core/Startup/startup_stm32l4s5vitx.o
                0x08000668                Reset_Handler
 .text.Default_Handler
                0x080006b8        0x2 ./Core/Startup/startup_stm32l4s5vitx.o
                0x080006b8                RTC_Alarm_IRQHandler
                0x080006b8                EXTI2_IRQHandler
                0x080006b8                TIM8_TRG_COM_IRQHandler
                0x080006b8                TIM8_CC_IRQHandler
                0x080006b8                TIM1_CC_IRQHandler
                0x080006b8                TSC_IRQHandler
                0x080006b8                TAMP_STAMP_IRQHandler
                0x080006b8                EXTI3_IRQHandler
                0x080006b8                LPTIM2_IRQHandler
                0x080006b8                DFSDM1_FLT1_IRQHandler
                0x080006b8                GFXMMU_IRQHandler
                0x080006b8                I2C3_ER_IRQHandler
                0x080006b8                DFSDM1_FLT2_IRQHandler
                0x080006b8                EXTI0_IRQHandler
                0x080006b8                I2C2_EV_IRQHandler
                0x080006b8                CAN1_RX0_IRQHandler
                0x080006b8                FPU_IRQHandler
                0x080006b8                TIM1_UP_TIM16_IRQHandler
                0x080006b8                LTDC_ER_IRQHandler
                0x080006b8                SPI1_IRQHandler
                0x080006b8                OCTOSPI1_IRQHandler
                0x080006b8                TIM6_DAC_IRQHandler
                0x080006b8                DCMI_IRQHandler
                0x080006b8                TIM8_UP_IRQHandler
                0x080006b8                OCTOSPI2_IRQHandler
                0x080006b8                DMA2_Channel2_IRQHandler
                0x080006b8                DMA1_Channel4_IRQHandler
                0x080006b8                SAI2_IRQHandler
                0x080006b8                ADC1_IRQHandler
                0x080006b8                DFSDM1_FLT3_IRQHandler
                0x080006b8                USART3_IRQHandler
                0x080006b8                DMA1_Channel7_IRQHandler
                0x080006b8                CAN1_RX1_IRQHandler
                0x080006b8                UART5_IRQHandler
                0x080006b8                TIM4_IRQHandler
                0x080006b8                DMA2_Channel1_IRQHandler
                0x080006b8                I2C1_EV_IRQHandler
                0x080006b8                DMAMUX1_OVR_IRQHandler
                0x080006b8                DMA1_Channel6_IRQHandler
                0x080006b8                UART4_IRQHandler
                0x080006b8                DMA2_Channel4_IRQHandler
                0x080006b8                TIM3_IRQHandler
                0x080006b8                RCC_IRQHandler
                0x080006b8                DMA1_Channel1_IRQHandler
                0x080006b8                Default_Handler
                0x080006b8                DMA2_Channel7_IRQHandler
                0x080006b8                EXTI15_10_IRQHandler
                0x080006b8                TIM7_IRQHandler
                0x080006b8                SDMMC1_IRQHandler
                0x080006b8                TIM5_IRQHandler
                0x080006b8                I2C3_EV_IRQHandler
                0x080006b8                EXTI9_5_IRQHandler
                0x080006b8                RTC_WKUP_IRQHandler
                0x080006b8                LTDC_IRQHandler
                0x080006b8                PVD_PVM_IRQHandler
                0x080006b8                SPI2_IRQHandler
                0x080006b8                CAN1_TX_IRQHandler
                0x080006b8                DMA2_Channel5_IRQHandler
                0x080006b8                DMA1_Channel5_IRQHandler
                0x080006b8                EXTI4_IRQHandler
                0x080006b8                RNG_IRQHandler
                0x080006b8                TIM1_TRG_COM_TIM17_IRQHandler
                0x080006b8                DMA1_Channel3_IRQHandler
                0x080006b8                COMP_IRQHandler
                0x080006b8                HASH_CRS_IRQHandler
                0x080006b8                WWDG_IRQHandler
                0x080006b8                I2C4_EV_IRQHandler
                0x080006b8                LPUART1_IRQHandler
                0x080006b8                DMA2_Channel6_IRQHandler
                0x080006b8                TIM2_IRQHandler
                0x080006b8                DMA2D_IRQHandler
                0x080006b8                EXTI1_IRQHandler
                0x080006b8                AES_IRQHandler
                0x080006b8                USART2_IRQHandler
                0x080006b8                DFSDM1_FLT0_IRQHandler
                0x080006b8                I2C2_ER_IRQHandler
                0x080006b8                DMA1_Channel2_IRQHandler
                0x080006b8                TIM8_BRK_IRQHandler
                0x080006b8                CAN1_SCE_IRQHandler
                0x080006b8                FLASH_IRQHandler
                0x080006b8                USART1_IRQHandler
                0x080006b8                OTG_FS_IRQHandler
                0x080006b8                SPI3_IRQHandler
                0x080006b8                I2C1_ER_IRQHandler
                0x080006b8                FMC_IRQHandler
                0x080006b8                LPTIM1_IRQHandler
                0x080006b8                I2C4_ER_IRQHandler
                0x080006b8                SAI1_IRQHandler
                0x080006b8                DMA2_Channel3_IRQHandler
                0x080006b8                TIM1_BRK_TIM15_IRQHandler
 .text.HAL_Init
                0x080006ba       0x30 ./Drivers/STM32L4xx_HAL_Driver/Src/stm32l4xx_hal.o
                0x080006ba                HAL_Init
 *fill*         0x080006ea        0x2 
 .text.HAL_InitTick
                0x080006ec       0x78 ./Drivers/STM32L4xx_HAL_Driver/Src/stm32l4xx_hal.o
                0x080006ec                HAL_InitTick
 .text.HAL_IncTick
                0x08000764       0x28 ./Drivers/STM32L4xx_HAL_Driver/Src/stm32l4xx_hal.o
                0x08000764                HAL_IncTick
 .text.HAL_GetTick
                0x0800078c       0x18 ./Drivers/STM32L4xx_HAL_Driver/Src/stm32l4xx_hal.o
                0x0800078c                HAL_GetTick
 .text.HAL_Delay
                0x080007a4       0x48 ./Drivers/STM32L4xx_HAL_Driver/Src/stm32l4xx_hal.o
                0x080007a4                HAL_Delay
 .text.__NVIC_SetPriorityGrouping
                0x080007ec       0x48 ./Drivers/STM32L4xx_HAL_Driver/Src/stm32l4xx_hal_cortex.o
 .text.__NVIC_GetPriorityGrouping
                0x08000834       0x1c ./Drivers/STM32L4xx_HAL_Driver/Src/stm32l4xx_hal_cortex.o
 .text.__NVIC_SetPriority
                0x08000850       0x54 ./Drivers/STM32L4xx_HAL_Driver/Src/stm32l4xx_hal_cortex.o
 .text.NVIC_EncodePriority
                0x080008a4       0x66 ./Drivers/STM32L4xx_HAL_Driver/Src/stm32l4xx_hal_cortex.o
 *fill*         0x0800090a        0x2 
 .text.SysTick_Config
                0x0800090c       0x44 ./Drivers/STM32L4xx_HAL_Driver/Src/stm32l4xx_hal_cortex.o
 .text.HAL_NVIC_SetPriorityGrouping
                0x08000950       0x16 ./Drivers/STM32L4xx_HAL_Driver/Src/stm32l4xx_hal_cortex.o
                0x08000950                HAL_NVIC_SetPriorityGrouping
 .text.HAL_NVIC_SetPriority
                0x08000966       0x38 ./Drivers/STM32L4xx_HAL_Driver/Src/stm32l4xx_hal_cortex.o
                0x08000966                HAL_NVIC_SetPriority
 .text.HAL_SYSTICK_Config
                0x0800099e       0x18 ./Drivers/STM32L4xx_HAL_Driver/Src/stm32l4xx_hal_cortex.o
                0x0800099e                HAL_SYSTICK_Config
 *fill*         0x080009b6        0x2 
 .text.HAL_GPIO_Init
                0x080009b8      0x324 ./Drivers/STM32L4xx_HAL_Driver/Src/stm32l4xx_hal_gpio.o
                0x080009b8                HAL_GPIO_Init
 .text.HAL_NAND_Init
                0x08000cdc       0x82 ./Drivers/STM32L4xx_HAL_Driver/Src/stm32l4xx_hal_nand.o
                0x08000cdc                HAL_NAND_Init
 *fill*         0x08000d5e        0x2 
 .text.FMC_NAND_Init
                0x08000d60       0x54 ./Drivers/STM32L4xx_HAL_Driver/Src/stm32l4xx_ll_fmc.o
                0x08000d60                FMC_NAND_Init
 .text.FMC_NAND_CommonSpace_Timing_Init
                0x08000db4       0x3a ./Drivers/STM32L4xx_HAL_Driver/Src/stm32l4xx_ll_fmc.o
                0x08000db4                FMC_NAND_CommonSpace_Timing_Init
 .text.FMC_NAND_AttributeSpace_Timing_Init
                0x08000dee       0x3a ./Drivers/STM32L4xx_HAL_Driver/Src/stm32l4xx_ll_fmc.o
                0x08000dee                FMC_NAND_AttributeSpace_Timing_Init
 .text.memcmp   0x08000e28       0x20 C:/ST/STM32CubeIDE_1.16.1/STM32CubeIDE/plugins/com.st.stm32cube.ide.mcu.externaltools.gnu-tools-for-stm32.12.3.rel1.win32_1.0.200.202406191623/tools/bin/../lib/gcc/arm-none-eabi/12.3.1/../../../../arm-none-eabi/lib/thumb/v7e-m+fp/hard\libc_nano.a(libc_a-memcmp.o)
                0x08000e28                memcmp
 .text.memset   0x08000e48       0x10 C:/ST/STM32CubeIDE_1.16.1/STM32CubeIDE/plugins/com.st.stm32cube.ide.mcu.externaltools.gnu-tools-for-stm32.12.3.rel1.win32_1.0.200.202406191623/tools/bin/../lib/gcc/arm-none-eabi/12.3.1/../../../../arm-none-eabi/lib/thumb/v7e-m+fp/hard\libc_nano.a(libc_a-memset.o)
                0x08000e48                memset
 .text.__libc_init_array
                0x08000e58       0x48 C:/ST/STM32CubeIDE_1.16.1/STM32CubeIDE/plugins/com.st.stm32cube.ide.mcu.externaltools.gnu-tools-for-stm32.12.3.rel1.win32_1.0.200.202406191623/tools/bin/../lib/gcc/arm-none-eabi/12.3.1/../../../../arm-none-eabi/lib/thumb/v7e-m+fp/hard\libc_nano.a(libc_a-init.o)
                0x08000e58                __libc_init_array
 *(.glue_7)
 .glue_7        0x08000ea0        0x0 linker stubs
 *(.glue_7t)
 .glue_7t       0x08000ea0        0x0 linker stubs
 *(.eh_frame)
 .eh_frame      0x08000ea0        0x0 C:/ST/STM32CubeIDE_1.16.1/STM32CubeIDE/plugins/com.st.stm32cube.ide.mcu.externaltools.gnu-tools-for-stm32.12.3.rel1.win32_1.0.200.202406191623/tools/bin/../lib/gcc/arm-none-eabi/12.3.1/thumb/v7e-m+fp/hard/crtbegin.o
 *(.init)
 .init          0x08000ea0        0x4 C:/ST/STM32CubeIDE_1.16.1/STM32CubeIDE/plugins/com.st.stm32cube.ide.mcu.externaltools.gnu-tools-for-stm32.12.3.rel1.win32_1.0.200.202406191623/tools/bin/../lib/gcc/arm-none-eabi/12.3.1/thumb/v7e-m+fp/hard/crti.o
                0x08000ea0                _init
 .init          0x08000ea4        0x8 C:/ST/STM32CubeIDE_1.16.1/STM32CubeIDE/plugins/com.st.stm32cube.ide.mcu.externaltools.gnu-tools-for-stm32.12.3.rel1.win32_1.0.200.202406191623/tools/bin/../lib/gcc/arm-none-eabi/12.3.1/thumb/v7e-m+fp/hard/crtn.o
 *(.fini)
 .fini          0x08000eac        0x4 C:/ST/STM32CubeIDE_1.16.1/STM32CubeIDE/plugins/com.st.stm32cube.ide.mcu.externaltools.gnu-tools-for-stm32.12.3.rel1.win32_1.0.200.202406191623/tools/bin/../lib/gcc/arm-none-eabi/12.3.1/thumb/v7e-m+fp/hard/crti.o
                0x08000eac                _fini
 .fini          0x08000eb0        0x8 C:/ST/STM32CubeIDE_1.16.1/STM32CubeIDE/plugins/com.st.stm32cube.ide.mcu.externaltools.gnu-tools-for-stm32.12.3.rel1.win32_1.0.200.202406191623/tools/bin/../lib/gcc/arm-none-eabi/12.3.1/thumb/v7e-m+fp/hard/crtn.o
                0x08000eb8                        . = ALIGN (0x4)
                0x08000eb8                        _etext = .

.vfp11_veneer   0x08000eb8        0x0
 .vfp11_veneer  0x08000eb8        0x0 linker stubs

.v4_bx          0x08000eb8        0x0
 .v4_bx         0x08000eb8        0x0 linker stubs

.iplt           0x08000eb8        0x0
 .iplt          0x08000eb8        0x0 C:/ST/STM32CubeIDE_1.16.1/STM32CubeIDE/plugins/com.st.stm32cube.ide.mcu.externaltools.gnu-tools-for-stm32.12.3.rel1.win32_1.0.200.202406191623/tools/bin/../lib/gcc/arm-none-eabi/12.3.1/thumb/v7e-m+fp/hard/crtbegin.o

.rodata         0x08000eb8        0x0
                0x08000eb8                        . = ALIGN (0x4)
 *(.rodata)
 *(.rodata*)
                0x08000eb8                        . = ALIGN (0x4)

.ARM.extab      0x08000eb8        0x0
                0x08000eb8                        . = ALIGN (0x4)
 *(.ARM.extab* .gnu.linkonce.armextab.*)
                0x08000eb8                        . = ALIGN (0x4)

.ARM            0x08000eb8        0x0
                0x08000eb8                        . = ALIGN (0x4)
                0x08000eb8                        __exidx_start = .
 *(.ARM.exidx*)
                0x08000eb8                        __exidx_end = .
                0x08000eb8                        . = ALIGN (0x4)

.preinit_array  0x08000eb8        0x0
                0x08000eb8                        . = ALIGN (0x4)
                0x08000eb8                        PROVIDE (__preinit_array_start = .)
 *(.preinit_array*)
                0x08000eb8                        PROVIDE (__preinit_array_end = .)
                0x08000eb8                        . = ALIGN (0x4)

.init_array     0x08000eb8        0x4
                0x08000eb8                        . = ALIGN (0x4)
                0x08000eb8                        PROVIDE (__init_array_start = .)
 *(SORT_BY_NAME(.init_array.*))
 *(.init_array*)
 .init_array    0x08000eb8        0x4 C:/ST/STM32CubeIDE_1.16.1/STM32CubeIDE/plugins/com.st.stm32cube.ide.mcu.externaltools.gnu-tools-for-stm32.12.3.rel1.win32_1.0.200.202406191623/tools/bin/../lib/gcc/arm-none-eabi/12.3.1/thumb/v7e-m+fp/hard/crtbegin.o
                0x08000ebc                        PROVIDE (__init_array_end = .)
                0x08000ebc                        . = ALIGN (0x4)

.fini_array     0x08000ebc        0x4
                0x08000ebc                        . = ALIGN (0x4)
                [!provide]                        PROVIDE (__fini_array_start = .)
 *(SORT_BY_NAME(.fini_array.*))
 *(.fini_array*)
 .fini_array    0x08000ebc        0x4 C:/ST/STM32CubeIDE_1.16.1/STM32CubeIDE/plugins/com.st.stm32cube.ide.mcu.externaltools.gnu-tools-for-stm32.12.3.rel1.win32_1.0.200.202406191623/tools/bin/../lib/gcc/arm-none-eabi/12.3.1/thumb/v7e-m+fp/hard/crtbegin.o
                [!provide]                        PROVIDE (__fini_array_end = .)
                0x08000ec0                        . = ALIGN (0x4)
                0x08000ec0                        _sidata = LOADADDR (.data)

.rel.dyn        0x08000ec0        0x0
 .rel.iplt      0x08000ec0        0x0 C:/ST/STM32CubeIDE_1.16.1/STM32CubeIDE/plugins/com.st.stm32cube.ide.mcu.externaltools.gnu-tools-for-stm32.12.3.rel1.win32_1.0.200.202406191623/tools/bin/../lib/gcc/arm-none-eabi/12.3.1/thumb/v7e-m+fp/hard/crtbegin.o

.data           0x20000000        0xc load address 0x08000ec0
                0x20000000                        . = ALIGN (0x4)
                0x20000000                        _sdata = .
 *(.data)
 *(.data*)
 .data.SystemCoreClock
                0x20000000        0x4 ./Core/Src/system_stm32l4xx.o
                0x20000000                SystemCoreClock
 .data.uwTickPrio
                0x20000004        0x4 ./Drivers/STM32L4xx_HAL_Driver/Src/stm32l4xx_hal.o
                0x20000004                uwTickPrio
 .data.uwTickFreq
                0x20000008        0x1 ./Drivers/STM32L4xx_HAL_Driver/Src/stm32l4xx_hal.o
                0x20000008                uwTickFreq
 *(.RamFunc)
 *(.RamFunc*)
                0x2000000c                        . = ALIGN (0x4)
 *fill*         0x20000009        0x3 
                0x2000000c                        _edata = .

.igot.plt       0x2000000c        0x0 load address 0x08000ecc
 .igot.plt      0x2000000c        0x0 C:/ST/STM32CubeIDE_1.16.1/STM32CubeIDE/plugins/com.st.stm32cube.ide.mcu.externaltools.gnu-tools-for-stm32.12.3.rel1.win32_1.0.200.202406191623/tools/bin/../lib/gcc/arm-none-eabi/12.3.1/thumb/v7e-m+fp/hard/crtbegin.o
                0x2000000c                        . = ALIGN (0x4)

.bss            0x2000000c     0x2164 load address 0x08000ecc
                0x2000000c                        _sbss = .
                0x2000000c                        __bss_start__ = _sbss
 *(.bss)
 .bss           0x2000000c       0x1c C:/ST/STM32CubeIDE_1.16.1/STM32CubeIDE/plugins/com.st.stm32cube.ide.mcu.externaltools.gnu-tools-for-stm32.12.3.rel1.win32_1.0.200.202406191623/tools/bin/../lib/gcc/arm-none-eabi/12.3.1/thumb/v7e-m+fp/hard/crtbegin.o
 *(.bss*)
 .bss.hnand1    0x20000028       0x40 ./Core/Src/main.o
                0x20000028                hnand1
 .bss.write_data
                0x20000068     0x1080 ./Core/Src/main.o
                0x20000068                write_data
 .bss.read_data
                0x200010e8     0x1080 ./Core/Src/main.o
                0x200010e8                read_data
 .bss.FMC_Initialized
                0x20002168        0x4 ./Core/Src/stm32l4xx_hal_msp.o
 .bss.uwTick    0x2000216c        0x4 ./Drivers/STM32L4xx_HAL_Driver/Src/stm32l4xx_hal.o
                0x2000216c                uwTick
 *(COMMON)
                0x20002170                        . = ALIGN (0x4)
                0x20002170                        _ebss = .
                0x20002170                        __bss_end__ = _ebss

._user_heap_stack
                0x20002170      0x600 load address 0x08000ecc
                0x20002170                        . = ALIGN (0x8)
                [!provide]                        PROVIDE (end = .)
                0x20002170                        PROVIDE (_end = .)
                0x20002370                        . = (. + _Min_Heap_Size)
 *fill*         0x20002170      0x200 
                0x20002770                        . = (. + _Min_Stack_Size)
 *fill*         0x20002370      0x400 
                0x20002770                        . = ALIGN (0x8)

/DISCARD/
 libc.a(*)
 libm.a(*)
 libgcc.a(*)

.ARM.attributes
                0x00000000       0x30
 *(.ARM.attributes)
 .ARM.attributes
                0x00000000       0x22 C:/ST/STM32CubeIDE_1.16.1/STM32CubeIDE/plugins/com.st.stm32cube.ide.mcu.externaltools.gnu-tools-for-stm32.12.3.rel1.win32_1.0.200.202406191623/tools/bin/../lib/gcc/arm-none-eabi/12.3.1/thumb/v7e-m+fp/hard/crti.o
 .ARM.attributes
                0x00000022       0x34 C:/ST/STM32CubeIDE_1.16.1/STM32CubeIDE/plugins/com.st.stm32cube.ide.mcu.externaltools.gnu-tools-for-stm32.12.3.rel1.win32_1.0.200.202406191623/tools/bin/../lib/gcc/arm-none-eabi/12.3.1/thumb/v7e-m+fp/hard/crtbegin.o
 .ARM.attributes
                0x00000056       0x34 ./Core/Src/main.o
 .ARM.attributes
                0x0000008a       0x34 ./Core/Src/stm32l4xx_hal_msp.o
 .ARM.attributes
                0x000000be       0x34 ./Core/Src/stm32l4xx_it.o
 .ARM.attributes
                0x000000f2       0x34 ./Core/Src/system_stm32l4xx.o
 .ARM.attributes
                0x00000126       0x21 ./Core/Startup/startup_stm32l4s5vitx.o
 .ARM.attributes
                0x00000147       0x34 ./Drivers/STM32L4xx_HAL_Driver/Src/stm32l4xx_hal.o
 .ARM.attributes
                0x0000017b       0x34 ./Drivers/STM32L4xx_HAL_Driver/Src/stm32l4xx_hal_cortex.o
 .ARM.attributes
                0x000001af       0x34 ./Drivers/STM32L4xx_HAL_Driver/Src/stm32l4xx_hal_gpio.o
 .ARM.attributes
                0x000001e3       0x34 ./Drivers/STM32L4xx_HAL_Driver/Src/stm32l4xx_hal_nand.o
 .ARM.attributes
                0x00000217       0x34 ./Drivers/STM32L4xx_HAL_Driver/Src/stm32l4xx_ll_fmc.o
 .ARM.attributes
                0x0000024b       0x34 C:/ST/STM32CubeIDE_1.16.1/STM32CubeIDE/plugins/com.st.stm32cube.ide.mcu.externaltools.gnu-tools-for-stm32.12.3.rel1.win32_1.0.200.202406191623/tools/bin/../lib/gcc/arm-none-eabi/12.3.1/../../../../arm-none-eabi/lib/thumb/v7e-m+fp/hard\libc_nano.a(libc_a-memcmp.o)
 .ARM.attributes
                0x0000027f       0x34 C:/ST/STM32CubeIDE_1.16.1/STM32CubeIDE/plugins/com.st.stm32cube.ide.mcu.externaltools.gnu-tools-for-stm32.12.3.rel1.win32_1.0.200.202406191623/tools/bin/../lib/gcc/arm-none-eabi/12.3.1/../../../../arm-none-eabi/lib/thumb/v7e-m+fp/hard\libc_nano.a(libc_a-memset.o)
 .ARM.attributes
                0x000002b3       0x34 C:/ST/STM32CubeIDE_1.16.1/STM32CubeIDE/plugins/com.st.stm32cube.ide.mcu.externaltools.gnu-tools-for-stm32.12.3.rel1.win32_1.0.200.202406191623/tools/bin/../lib/gcc/arm-none-eabi/12.3.1/../../../../arm-none-eabi/lib/thumb/v7e-m+fp/hard\libc_nano.a(libc_a-init.o)
 .ARM.attributes
                0x000002e7       0x22 C:/ST/STM32CubeIDE_1.16.1/STM32CubeIDE/plugins/com.st.stm32cube.ide.mcu.externaltools.gnu-tools-for-stm32.12.3.rel1.win32_1.0.200.202406191623/tools/bin/../lib/gcc/arm-none-eabi/12.3.1/thumb/v7e-m+fp/hard/crtn.o
OUTPUT(nand_interface.elf elf32-littlearm)
LOAD linker stubs
LOAD C:/ST/STM32CubeIDE_1.16.1/STM32CubeIDE/plugins/com.st.stm32cube.ide.mcu.externaltools.gnu-tools-for-stm32.12.3.rel1.win32_1.0.200.202406191623/tools/bin/../lib/gcc/arm-none-eabi/12.3.1/../../../../arm-none-eabi/lib/thumb/v7e-m+fp/hard\libc.a
LOAD C:/ST/STM32CubeIDE_1.16.1/STM32CubeIDE/plugins/com.st.stm32cube.ide.mcu.externaltools.gnu-tools-for-stm32.12.3.rel1.win32_1.0.200.202406191623/tools/bin/../lib/gcc/arm-none-eabi/12.3.1/../../../../arm-none-eabi/lib/thumb/v7e-m+fp/hard\libm.a
LOAD C:/ST/STM32CubeIDE_1.16.1/STM32CubeIDE/plugins/com.st.stm32cube.ide.mcu.externaltools.gnu-tools-for-stm32.12.3.rel1.win32_1.0.200.202406191623/tools/bin/../lib/gcc/arm-none-eabi/12.3.1/thumb/v7e-m+fp/hard\libgcc.a

.debug_info     0x00000000     0x58b8
 .debug_info    0x00000000      0x875 ./Core/Src/main.o
 .debug_info    0x00000875      0x785 ./Core/Src/stm32l4xx_hal_msp.o
 .debug_info    0x00000ffa      0x113 ./Core/Src/stm32l4xx_it.o
 .debug_info    0x0000110d      0x5e9 ./Core/Src/system_stm32l4xx.o
 .debug_info    0x000016f6       0x30 ./Core/Startup/startup_stm32l4s5vitx.o
 .debug_info    0x00001726      0xb4f ./Drivers/STM32L4xx_HAL_Driver/Src/stm32l4xx_hal.o
 .debug_info    0x00002275      0xd9f ./Drivers/STM32L4xx_HAL_Driver/Src/stm32l4xx_hal_cortex.o
 .debug_info    0x00003014      0x787 ./Drivers/STM32L4xx_HAL_Driver/Src/stm32l4xx_hal_gpio.o
 .debug_info    0x0000379b     0x197d ./Drivers/STM32L4xx_HAL_Driver/Src/stm32l4xx_hal_nand.o
 .debug_info    0x00005118      0x7a0 ./Drivers/STM32L4xx_HAL_Driver/Src/stm32l4xx_ll_fmc.o

.debug_abbrev   0x00000000     0x1083
 .debug_abbrev  0x00000000      0x239 ./Core/Src/main.o
 .debug_abbrev  0x00000239      0x1af ./Core/Src/stm32l4xx_hal_msp.o
 .debug_abbrev  0x000003e8       0x73 ./Core/Src/stm32l4xx_it.o
 .debug_abbrev  0x0000045b      0x11a ./Core/Src/system_stm32l4xx.o
 .debug_abbrev  0x00000575       0x24 ./Core/Startup/startup_stm32l4s5vitx.o
 .debug_abbrev  0x00000599      0x242 ./Drivers/STM32L4xx_HAL_Driver/Src/stm32l4xx_hal.o
 .debug_abbrev  0x000007db      0x31c ./Drivers/STM32L4xx_HAL_Driver/Src/stm32l4xx_hal_cortex.o
 .debug_abbrev  0x00000af7      0x1cb ./Drivers/STM32L4xx_HAL_Driver/Src/stm32l4xx_hal_gpio.o
 .debug_abbrev  0x00000cc2      0x214 ./Drivers/STM32L4xx_HAL_Driver/Src/stm32l4xx_hal_nand.o
 .debug_abbrev  0x00000ed6      0x1ad ./Drivers/STM32L4xx_HAL_Driver/Src/stm32l4xx_ll_fmc.o

.debug_aranges  0x00000000      0x568
 .debug_aranges
                0x00000000       0x70 ./Core/Src/main.o
 .debug_aranges
                0x00000070       0x40 ./Core/Src/stm32l4xx_hal_msp.o
 .debug_aranges
                0x000000b0       0x60 ./Core/Src/stm32l4xx_it.o
 .debug_aranges
                0x00000110       0x28 ./Core/Src/system_stm32l4xx.o
 .debug_aranges
                0x00000138       0x28 ./Core/Startup/startup_stm32l4s5vitx.o
 .debug_aranges
                0x00000160      0x130 ./Drivers/STM32L4xx_HAL_Driver/Src/stm32l4xx_hal.o
 .debug_aranges
                0x00000290      0x128 ./Drivers/STM32L4xx_HAL_Driver/Src/stm32l4xx_hal_cortex.o
 .debug_aranges
                0x000003b8       0x58 ./Drivers/STM32L4xx_HAL_Driver/Src/stm32l4xx_hal_gpio.o
 .debug_aranges
                0x00000410       0xd8 ./Drivers/STM32L4xx_HAL_Driver/Src/stm32l4xx_hal_nand.o
 .debug_aranges
                0x000004e8       0x80 ./Drivers/STM32L4xx_HAL_Driver/Src/stm32l4xx_ll_fmc.o

.debug_rnglists
                0x00000000      0x3f0
 .debug_rnglists
                0x00000000       0x50 ./Core/Src/main.o
 .debug_rnglists
                0x00000050       0x2c ./Core/Src/stm32l4xx_hal_msp.o
 .debug_rnglists
                0x0000007c       0x43 ./Core/Src/stm32l4xx_it.o
 .debug_rnglists
                0x000000bf       0x1a ./Core/Src/system_stm32l4xx.o
 .debug_rnglists
                0x000000d9       0x19 ./Core/Startup/startup_stm32l4s5vitx.o
 .debug_rnglists
                0x000000f2       0xdf ./Drivers/STM32L4xx_HAL_Driver/Src/stm32l4xx_hal.o
 .debug_rnglists
                0x000001d1       0xda ./Drivers/STM32L4xx_HAL_Driver/Src/stm32l4xx_hal_cortex.o
 .debug_rnglists
                0x000002ab       0x3f ./Drivers/STM32L4xx_HAL_Driver/Src/stm32l4xx_hal_gpio.o
 .debug_rnglists
                0x000002ea       0xa9 ./Drivers/STM32L4xx_HAL_Driver/Src/stm32l4xx_hal_nand.o
 .debug_rnglists
                0x00000393       0x5d ./Drivers/STM32L4xx_HAL_Driver/Src/stm32l4xx_ll_fmc.o

.debug_macro    0x00000000    0x28cce
 .debug_macro   0x00000000      0x2c1 ./Core/Src/main.o
 .debug_macro   0x000002c1      0xab4 ./Core/Src/main.o
 .debug_macro   0x00000d75      0x1a1 ./Core/Src/main.o
 .debug_macro   0x00000f16       0x2e ./Core/Src/main.o
 .debug_macro   0x00000f44       0x28 ./Core/Src/main.o
 .debug_macro   0x00000f6c       0x22 ./Core/Src/main.o
 .debug_macro   0x00000f8e       0x8e ./Core/Src/main.o
 .debug_macro   0x0000101c       0x51 ./Core/Src/main.o
 .debug_macro   0x0000106d      0x103 ./Core/Src/main.o
 .debug_macro   0x00001170       0x6a ./Core/Src/main.o
 .debug_macro   0x000011da      0x1df ./Core/Src/main.o
 .debug_macro   0x000013b9       0x1c ./Core/Src/main.o
 .debug_macro   0x000013d5       0x22 ./Core/Src/main.o
 .debug_macro   0x000013f7       0xfb ./Core/Src/main.o
 .debug_macro   0x000014f2     0x1011 ./Core/Src/main.o
 .debug_macro   0x00002503      0x11f ./Core/Src/main.o
 .debug_macro   0x00002622    0x1d292 ./Core/Src/main.o
 .debug_macro   0x0001f8b4       0x6d ./Core/Src/main.o
 .debug_macro   0x0001f921     0x3902 ./Core/Src/main.o
 .debug_macro   0x00023223      0x189 ./Core/Src/main.o
 .debug_macro   0x000233ac       0x5c ./Core/Src/main.o
 .debug_macro   0x00023408     0x1910 ./Core/Src/main.o
 .debug_macro   0x00024d18      0x7dc ./Core/Src/main.o
 .debug_macro   0x000254f4      0x1b9 ./Core/Src/main.o
 .debug_macro   0x000256ad      0x225 ./Core/Src/main.o
 .debug_macro   0x000258d2      0x486 ./Core/Src/main.o
 .debug_macro   0x00025d58      0x1ce ./Core/Src/main.o
 .debug_macro   0x00025f26       0x43 ./Core/Src/main.o
 .debug_macro   0x00025f69      0x23d ./Core/Src/main.o
 .debug_macro   0x000261a6      0x241 ./Core/Src/main.o
 .debug_macro   0x000263e7      0x416 ./Core/Src/main.o
 .debug_macro   0x000267fd       0x1c ./Core/Src/main.o
 .debug_macro   0x00026819       0xf2 ./Core/Src/main.o
 .debug_macro   0x0002690b      0x32d ./Core/Src/main.o
 .debug_macro   0x00026c38       0xdd ./Core/Src/main.o
 .debug_macro   0x00026d15      0x122 ./Core/Src/main.o
 .debug_macro   0x00026e37      0x3f6 ./Core/Src/main.o
 .debug_macro   0x0002722d      0x432 ./Core/Src/main.o
 .debug_macro   0x0002765f       0x61 ./Core/Src/main.o
 .debug_macro   0x000276c0       0x2a ./Core/Src/main.o
 .debug_macro   0x000276ea       0x43 ./Core/Src/main.o
 .debug_macro   0x0002772d       0x34 ./Core/Src/main.o
 .debug_macro   0x00027761       0x16 ./Core/Src/main.o
 .debug_macro   0x00027777       0x43 ./Core/Src/main.o
 .debug_macro   0x000277ba       0x34 ./Core/Src/main.o
 .debug_macro   0x000277ee       0x10 ./Core/Src/main.o
 .debug_macro   0x000277fe       0x58 ./Core/Src/main.o
 .debug_macro   0x00027856       0x8e ./Core/Src/main.o
 .debug_macro   0x000278e4       0x1c ./Core/Src/main.o
 .debug_macro   0x00027900      0x177 ./Core/Src/main.o
 .debug_macro   0x00027a77      0x369 ./Core/Src/main.o
 .debug_macro   0x00027de0       0x10 ./Core/Src/main.o
 .debug_macro   0x00027df0       0x35 ./Core/Src/main.o
 .debug_macro   0x00027e25       0x20 ./Core/Src/main.o
 .debug_macro   0x00027e45      0x1c9 ./Core/Src/stm32l4xx_hal_msp.o
 .debug_macro   0x0002800e      0x1d3 ./Core/Src/stm32l4xx_it.o
 .debug_macro   0x000281e1      0x1bf ./Core/Src/system_stm32l4xx.o
 .debug_macro   0x000283a0      0x20d ./Drivers/STM32L4xx_HAL_Driver/Src/stm32l4xx_hal.o
 .debug_macro   0x000285ad      0x1bf ./Drivers/STM32L4xx_HAL_Driver/Src/stm32l4xx_hal_cortex.o
 .debug_macro   0x0002876c      0x1c6 ./Drivers/STM32L4xx_HAL_Driver/Src/stm32l4xx_hal_gpio.o
 .debug_macro   0x00028932      0x1bf ./Drivers/STM32L4xx_HAL_Driver/Src/stm32l4xx_hal_nand.o
 .debug_macro   0x00028af1      0x1dd ./Drivers/STM32L4xx_HAL_Driver/Src/stm32l4xx_ll_fmc.o

.debug_line     0x00000000     0x74ac
 .debug_line    0x00000000      0xa48 ./Core/Src/main.o
 .debug_line    0x00000a48      0x7ea ./Core/Src/stm32l4xx_hal_msp.o
 .debug_line    0x00001232      0x7f6 ./Core/Src/stm32l4xx_it.o
 .debug_line    0x00001a28      0x7ce ./Core/Src/system_stm32l4xx.o
 .debug_line    0x000021f6       0x7a ./Core/Startup/startup_stm32l4s5vitx.o
 .debug_line    0x00002270      0xb29 ./Drivers/STM32L4xx_HAL_Driver/Src/stm32l4xx_hal.o
 .debug_line    0x00002d99      0xcf2 ./Drivers/STM32L4xx_HAL_Driver/Src/stm32l4xx_hal_cortex.o
 .debug_line    0x00003a8b      0xb9d ./Drivers/STM32L4xx_HAL_Driver/Src/stm32l4xx_hal_gpio.o
 .debug_line    0x00004628     0x246a ./Drivers/STM32L4xx_HAL_Driver/Src/stm32l4xx_hal_nand.o
 .debug_line    0x00006a92      0xa1a ./Drivers/STM32L4xx_HAL_Driver/Src/stm32l4xx_ll_fmc.o

.debug_str      0x00000000    0xfa0f3
 .debug_str     0x00000000    0xf8568 ./Core/Src/main.o
                              0xf8876 (size before relaxing)
 .debug_str     0x000f8568      0x12b ./Core/Src/stm32l4xx_hal_msp.o
                              0xf55c8 (size before relaxing)
 .debug_str     0x000f8693       0xc9 ./Core/Src/stm32l4xx_it.o
                              0xf51e6 (size before relaxing)
 .debug_str     0x000f875c       0xf2 ./Core/Src/system_stm32l4xx.o
                              0xf5393 (size before relaxing)
 .debug_str     0x000f884e       0x44 ./Core/Startup/startup_stm32l4s5vitx.o
                                 0x86 (size before relaxing)
 .debug_str     0x000f8892      0xace ./Drivers/STM32L4xx_HAL_Driver/Src/stm32l4xx_hal.o
                              0xf5f71 (size before relaxing)
 .debug_str     0x000f9360      0x392 ./Drivers/STM32L4xx_HAL_Driver/Src/stm32l4xx_hal_cortex.o
                              0xf5c32 (size before relaxing)
 .debug_str     0x000f96f2      0x164 ./Drivers/STM32L4xx_HAL_Driver/Src/stm32l4xx_hal_gpio.o
                              0xf550d (size before relaxing)
 .debug_str     0x000f9856      0x396 ./Drivers/STM32L4xx_HAL_Driver/Src/stm32l4xx_hal_nand.o
                              0xf5833 (size before relaxing)
 .debug_str     0x000f9bec      0x507 ./Drivers/STM32L4xx_HAL_Driver/Src/stm32l4xx_ll_fmc.o
                              0xf5867 (size before relaxing)

.comment        0x00000000       0x43
 .comment       0x00000000       0x43 ./Core/Src/main.o
                                 0x44 (size before relaxing)
 .comment       0x00000043       0x44 ./Core/Src/stm32l4xx_hal_msp.o
 .comment       0x00000043       0x44 ./Core/Src/stm32l4xx_it.o
 .comment       0x00000043       0x44 ./Core/Src/system_stm32l4xx.o
 .comment       0x00000043       0x44 ./Drivers/STM32L4xx_HAL_Driver/Src/stm32l4xx_hal.o
 .comment       0x00000043       0x44 ./Drivers/STM32L4xx_HAL_Driver/Src/stm32l4xx_hal_cortex.o
 .comment       0x00000043       0x44 ./Drivers/STM32L4xx_HAL_Driver/Src/stm32l4xx_hal_gpio.o
 .comment       0x00000043       0x44 ./Drivers/STM32L4xx_HAL_Driver/Src/stm32l4xx_hal_nand.o
 .comment       0x00000043       0x44 ./Drivers/STM32L4xx_HAL_Driver/Src/stm32l4xx_ll_fmc.o

.debug_frame    0x00000000     0x14c4
 .debug_frame   0x00000000      0x19c ./Core/Src/main.o
 .debug_frame   0x0000019c       0xc0 ./Core/Src/stm32l4xx_hal_msp.o
 .debug_frame   0x0000025c      0x104 ./Core/Src/stm32l4xx_it.o
 .debug_frame   0x00000360       0x58 ./Core/Src/system_stm32l4xx.o
 .debug_frame   0x000003b8      0x498 ./Drivers/STM32L4xx_HAL_Driver/Src/stm32l4xx_hal.o
 .debug_frame   0x00000850      0x4e8 ./Drivers/STM32L4xx_HAL_Driver/Src/stm32l4xx_hal_cortex.o
 .debug_frame   0x00000d38      0x14c ./Drivers/STM32L4xx_HAL_Driver/Src/stm32l4xx_hal_gpio.o
 .debug_frame   0x00000e84      0x3b8 ./Drivers/STM32L4xx_HAL_Driver/Src/stm32l4xx_hal_nand.o
 .debug_frame   0x0000123c      0x214 ./Drivers/STM32L4xx_HAL_Driver/Src/stm32l4xx_ll_fmc.o
 .debug_frame   0x00001450       0x28 C:/ST/STM32CubeIDE_1.16.1/STM32CubeIDE/plugins/com.st.stm32cube.ide.mcu.externaltools.gnu-tools-for-stm32.12.3.rel1.win32_1.0.200.202406191623/tools/bin/../lib/gcc/arm-none-eabi/12.3.1/../../../../arm-none-eabi/lib/thumb/v7e-m+fp/hard\libc_nano.a(libc_a-memcmp.o)
 .debug_frame   0x00001478       0x20 C:/ST/STM32CubeIDE_1.16.1/STM32CubeIDE/plugins/com.st.stm32cube.ide.mcu.externaltools.gnu-tools-for-stm32.12.3.rel1.win32_1.0.200.202406191623/tools/bin/../lib/gcc/arm-none-eabi/12.3.1/../../../../arm-none-eabi/lib/thumb/v7e-m+fp/hard\libc_nano.a(libc_a-memset.o)
 .debug_frame   0x00001498       0x2c C:/ST/STM32CubeIDE_1.16.1/STM32CubeIDE/plugins/com.st.stm32cube.ide.mcu.externaltools.gnu-tools-for-stm32.12.3.rel1.win32_1.0.200.202406191623/tools/bin/../lib/gcc/arm-none-eabi/12.3.1/../../../../arm-none-eabi/lib/thumb/v7e-m+fp/hard\libc_nano.a(libc_a-init.o)

.debug_line_str
                0x00000000       0x6a
 .debug_line_str
                0x00000000       0x6a ./Core/Startup/startup_stm32l4s5vitx.o
